// Jest Snapshot v1, https://goo.gl/fbAQLP

exports[`renders correctly 1`] = `
Object {
  "Constructor": "App",
  "Options": Object {
    "ID": "component",
    "containerSelector": "body",
    "directives": Object {
      "onsubmit": [Function],
      "ref": [Function],
    },
    "result": "a || b",
    "types": Array [],
  },
  "html": "
<header>
  <h1>Logic expressions simplifier</h1>
</header>
<!--Header-->
<main>
  <form>
    <input id=\\"input-text\\" placeholder=\\"(a &amp;&amp; b) || (!a &amp;&amp; !b)\\" tabindex=\\"1\\" name=\\"expression\\">
    <!--Input-->
    <button type=\\"submit\\" tabindex=\\"2\\">Simplify!</button>
  </form>
  <!--Form-->
  <div id=\\"result\\">a || b</div>
  <!--DisplayResult-->
</main>
<footer></footer>
<!--Footer-->
",
}
`;
