// Jest Snapshot v1, https://goo.gl/fbAQLP

exports[`renders correctly 1`] = `
Object {
  "Options": Object {
    "ID": "component",
    "result": "a && b",
  },
  "html": "<div id=\\"result\\">a &amp;&amp; b</div>",
}
`;
