// Jest Snapshot v1, https://goo.gl/fbAQLP

exports[`renders correctly 1`] = `
Object {
  "Constructor": "Footer",
  "Options": Object {
    "ID": "component",
    "containerSelector": "body",
    "types": Array [],
  },
  "html": "<footer></footer>",
}
`;
