// Jest Snapshot v1, https://goo.gl/fbAQLP

exports[`renders correctly 1`] = `
Object {
  "Options": Object {},
  "html": "
<header>
  <h1>Logic expressions simplifier</h1>
</header>
",
}
`;
