// Jest Snapshot v1, https://goo.gl/fbAQLP

exports[`renders correctly 1`] = `
Object {
  "ID": "widget",
  "__data__": Object {
    "actionSequence": Array [
      "render",
      "bindEvents",
    ],
    "renderAsync": false,
    "renderDependence": Array [],
    "result": "a && b",
    "types": Array [],
  },
  "html": "<div id=\\"result\\">a &amp;&amp; b</div>",
  "nodes": Array [
    Object {
      "ID": undefined,
      "__data__": null,
      "html": null,
      "nodes": null,
      "options": null,
    },
  ],
  "options": Object {
    "actionSequence": Array [
      "render",
      "bindEvents",
    ],
    "renderAsync": false,
    "renderDependence": Array [],
    "types": Array [],
  },
}
`;
